cmd : 'mvn' is not recognized as an internal or external command,
At line:1 char:1
+ cmd /c "mvn compile" > d:\CD-WEB-BE\compile_output.txt 2>&1; Get-Cont ...
+ ~~~~~~~~~~~~~~~~~~~~~~~~~~~~~~~~~~~~~~~~~~~~~~~~~~~~~~~~~~~
    + CategoryInfo          : NotSpecified: ('mvn' is not re...ternal command,:String) [], RemoteException
    + FullyQualifiedErrorId : NativeCommandError
 
operable program or batch file.
